------------------------------------------------------------
Timing Analyzer Summary
------------------------------------------------------------

Type  : Slow 1100mV 85C Model Setup 'clk'
Slack : -8.083
TNS   : -27698.399

Type  : Slow 1100mV 85C Model Setup 'currentState.RAM_Instr1_1'
Slack : -2.780
TNS   : -31.254

Type  : Slow 1100mV 85C Model Setup 'clkdivided1:div|dividedSignal'
Slack : -1.825
TNS   : -24.162

Type  : Slow 1100mV 85C Model Hold 'clkdivided1:div|dividedSignal'
Slack : -0.447
TNS   : -0.447

Type  : Slow 1100mV 85C Model Hold 'clk'
Slack : -0.276
TNS   : -30.317

Type  : Slow 1100mV 85C Model Hold 'currentState.RAM_Instr1_1'
Slack : 0.545
TNS   : 0.000

Type  : Slow 1100mV 85C Model Minimum Pulse Width 'clk'
Slack : -2.636
TNS   : -26111.544

Type  : Slow 1100mV 85C Model Minimum Pulse Width 'clkdivided1:div|dividedSignal'
Slack : -0.394
TNS   : -13.215

Type  : Slow 1100mV 85C Model Minimum Pulse Width 'currentState.RAM_Instr1_1'
Slack : 0.177
TNS   : 0.000

Type  : Slow 1100mV 0C Model Setup 'clk'
Slack : -7.935
TNS   : -27087.941

Type  : Slow 1100mV 0C Model Setup 'currentState.RAM_Instr1_1'
Slack : -2.626
TNS   : -29.835

Type  : Slow 1100mV 0C Model Setup 'clkdivided1:div|dividedSignal'
Slack : -1.776
TNS   : -23.606

Type  : Slow 1100mV 0C Model Hold 'clk'
Slack : -0.600
TNS   : -112.911

Type  : Slow 1100mV 0C Model Hold 'clkdivided1:div|dividedSignal'
Slack : -0.401
TNS   : -0.401

Type  : Slow 1100mV 0C Model Hold 'currentState.RAM_Instr1_1'
Slack : 0.323
TNS   : 0.000

Type  : Slow 1100mV 0C Model Minimum Pulse Width 'clk'
Slack : -2.636
TNS   : -26068.568

Type  : Slow 1100mV 0C Model Minimum Pulse Width 'clkdivided1:div|dividedSignal'
Slack : -0.394
TNS   : -13.008

Type  : Slow 1100mV 0C Model Minimum Pulse Width 'currentState.RAM_Instr1_1'
Slack : 0.194
TNS   : 0.000

Type  : Fast 1100mV 85C Model Setup 'clk'
Slack : -4.895
TNS   : -16535.809

Type  : Fast 1100mV 85C Model Setup 'currentState.RAM_Instr1_1'
Slack : -1.662
TNS   : -15.962

Type  : Fast 1100mV 85C Model Setup 'clkdivided1:div|dividedSignal'
Slack : -0.974
TNS   : -10.809

Type  : Fast 1100mV 85C Model Hold 'clkdivided1:div|dividedSignal'
Slack : -0.381
TNS   : -0.381

Type  : Fast 1100mV 85C Model Hold 'clk'
Slack : -0.198
TNS   : -13.827

Type  : Fast 1100mV 85C Model Hold 'currentState.RAM_Instr1_1'
Slack : 0.262
TNS   : 0.000

Type  : Fast 1100mV 85C Model Minimum Pulse Width 'clk'
Slack : -2.636
TNS   : -25934.485

Type  : Fast 1100mV 85C Model Minimum Pulse Width 'clkdivided1:div|dividedSignal'
Slack : -0.075
TNS   : -0.753

Type  : Fast 1100mV 85C Model Minimum Pulse Width 'currentState.RAM_Instr1_1'
Slack : 0.240
TNS   : 0.000

Type  : Fast 1100mV 0C Model Setup 'clk'
Slack : -4.333
TNS   : -14708.131

Type  : Fast 1100mV 0C Model Setup 'currentState.RAM_Instr1_1'
Slack : -1.427
TNS   : -13.622

Type  : Fast 1100mV 0C Model Setup 'clkdivided1:div|dividedSignal'
Slack : -0.811
TNS   : -8.879

Type  : Fast 1100mV 0C Model Hold 'clk'
Slack : -0.464
TNS   : -80.758

Type  : Fast 1100mV 0C Model Hold 'clkdivided1:div|dividedSignal'
Slack : -0.379
TNS   : -0.379

Type  : Fast 1100mV 0C Model Hold 'currentState.RAM_Instr1_1'
Slack : 0.209
TNS   : 0.000

Type  : Fast 1100mV 0C Model Minimum Pulse Width 'clk'
Slack : -2.636
TNS   : -25952.028

Type  : Fast 1100mV 0C Model Minimum Pulse Width 'clkdivided1:div|dividedSignal'
Slack : -0.027
TNS   : -0.239

Type  : Fast 1100mV 0C Model Minimum Pulse Width 'currentState.RAM_Instr1_1'
Slack : 0.283
TNS   : 0.000

------------------------------------------------------------
