Analysis & Synthesis report for Checkpoint1
Tue Nov 08 10:33:52 2022
Quartus Prime Version 18.1.0 Build 625 09/12/2018 SJ Lite Edition


---------------------
; Table of Contents ;
---------------------
  1. Legal Notice
  2. Analysis & Synthesis Summary
  3. Analysis & Synthesis Settings
  4. Parallel Compilation
  5. Analysis & Synthesis Source Files Read
  6. Analysis & Synthesis Resource Usage Summary
  7. Analysis & Synthesis Resource Utilization by Entity
  8. Registers Removed During Synthesis
  9. General Register Statistics
 10. Multiplexer Restructuring Statistics (Restructuring Performed)
 11. Parameter Settings for User Entity Instance: Top-level Entity: |RF_ALU
 12. Parameter Settings for User Entity Instance: flopr:pcregUnit
 13. Parameter Settings for User Entity Instance: flopr:PSRreg
 14. Parameter Settings for User Entity Instance: flopr:resultreg
 15. Parameter Settings for User Entity Instance: mux2:src1Mux
 16. Parameter Settings for User Entity Instance: mux2:src2mux
 17. Parameter Settings for User Entity Instance: mux2:outputMux
 18. Parameter Settings for User Entity Instance: pcALU:pc_ALU
 19. Parameter Settings for User Entity Instance: shifter:shifterUnit
 20. Parameter Settings for User Entity Instance: RegisterFile:regFile
 21. Parameter Settings for User Entity Instance: ALU:alu_unit
 22. Parameter Settings for User Entity Instance: mux2:ALUmux
 23. Port Connectivity Checks: "pcALU:pc_ALU"
 24. Post-Synthesis Netlist Statistics for Top Partition
 25. Elapsed Time Per Partition
 26. Analysis & Synthesis Messages



----------------
; Legal Notice ;
----------------
Copyright (C) 2018  Intel Corporation. All rights reserved.
Your use of Intel Corporation's design tools, logic functions 
and other software and tools, and its AMPP partner logic 
functions, and any output files from any of the foregoing 
(including device programming or simulation files), and any 
associated documentation or information are expressly subject 
to the terms and conditions of the Intel Program License 
Subscription Agreement, the Intel Quartus Prime License Agreement,
the Intel FPGA IP License Agreement, or other applicable license
agreement, including, without limitation, that your use is for
the sole purpose of programming logic devices manufactured by
Intel and sold by Intel or its authorized distributors.  Please
refer to the applicable agreement for further details.



+-------------------------------------------------------------------------------+
; Analysis & Synthesis Summary                                                  ;
+---------------------------------+---------------------------------------------+
; Analysis & Synthesis Status     ; Successful - Tue Nov 08 10:33:52 2022       ;
; Quartus Prime Version           ; 18.1.0 Build 625 09/12/2018 SJ Lite Edition ;
; Revision Name                   ; Checkpoint1                                 ;
; Top-level Entity Name           ; RF_ALU                                      ;
; Family                          ; Cyclone V                                   ;
; Logic utilization (in ALMs)     ; N/A                                         ;
; Total registers                 ; 293                                         ;
; Total pins                      ; 142                                         ;
; Total virtual pins              ; 0                                           ;
; Total block memory bits         ; 0                                           ;
; Total DSP Blocks                ; 0                                           ;
; Total HSSI RX PCSs              ; 0                                           ;
; Total HSSI PMA RX Deserializers ; 0                                           ;
; Total HSSI TX PCSs              ; 0                                           ;
; Total HSSI PMA TX Serializers   ; 0                                           ;
; Total PLLs                      ; 0                                           ;
; Total DLLs                      ; 0                                           ;
+---------------------------------+---------------------------------------------+


+---------------------------------------------------------------------------------------------------------------------------+
; Analysis & Synthesis Settings                                                                                             ;
+---------------------------------------------------------------------------------+--------------------+--------------------+
; Option                                                                          ; Setting            ; Default Value      ;
+---------------------------------------------------------------------------------+--------------------+--------------------+
; Device                                                                          ; 5CGXFC7C7F23C8     ;                    ;
; Top-level entity name                                                           ; RF_ALU             ; Checkpoint1        ;
; Family name                                                                     ; Cyclone V          ; Cyclone V          ;
; Use smart compilation                                                           ; Off                ; Off                ;
; Enable parallel Assembler and Timing Analyzer during compilation                ; On                 ; On                 ;
; Enable compact report table                                                     ; Off                ; Off                ;
; Restructure Multiplexers                                                        ; Auto               ; Auto               ;
; MLAB Add Timing Constraints For Mixed-Port Feed-Through Mode Setting Don't Care ; Off                ; Off                ;
; Create Debugging Nodes for IP Cores                                             ; Off                ; Off                ;
; Preserve fewer node names                                                       ; On                 ; On                 ;
; Intel FPGA IP Evaluation Mode                                                   ; Enable             ; Enable             ;
; Verilog Version                                                                 ; Verilog_2001       ; Verilog_2001       ;
; VHDL Version                                                                    ; VHDL_1993          ; VHDL_1993          ;
; State Machine Processing                                                        ; Auto               ; Auto               ;
; Safe State Machine                                                              ; Off                ; Off                ;
; Extract Verilog State Machines                                                  ; On                 ; On                 ;
; Extract VHDL State Machines                                                     ; On                 ; On                 ;
; Ignore Verilog initial constructs                                               ; Off                ; Off                ;
; Iteration limit for constant Verilog loops                                      ; 5000               ; 5000               ;
; Iteration limit for non-constant Verilog loops                                  ; 250                ; 250                ;
; Add Pass-Through Logic to Inferred RAMs                                         ; On                 ; On                 ;
; Infer RAMs from Raw Logic                                                       ; On                 ; On                 ;
; Parallel Synthesis                                                              ; On                 ; On                 ;
; DSP Block Balancing                                                             ; Auto               ; Auto               ;
; NOT Gate Push-Back                                                              ; On                 ; On                 ;
; Power-Up Don't Care                                                             ; On                 ; On                 ;
; Remove Redundant Logic Cells                                                    ; Off                ; Off                ;
; Remove Duplicate Registers                                                      ; On                 ; On                 ;
; Ignore CARRY Buffers                                                            ; Off                ; Off                ;
; Ignore CASCADE Buffers                                                          ; Off                ; Off                ;
; Ignore GLOBAL Buffers                                                           ; Off                ; Off                ;
; Ignore ROW GLOBAL Buffers                                                       ; Off                ; Off                ;
; Ignore LCELL Buffers                                                            ; Off                ; Off                ;
; Ignore SOFT Buffers                                                             ; On                 ; On                 ;
; Limit AHDL Integers to 32 Bits                                                  ; Off                ; Off                ;
; Optimization Technique                                                          ; Balanced           ; Balanced           ;
; Carry Chain Length                                                              ; 70                 ; 70                 ;
; Auto Carry Chains                                                               ; On                 ; On                 ;
; Auto Open-Drain Pins                                                            ; On                 ; On                 ;
; Perform WYSIWYG Primitive Resynthesis                                           ; Off                ; Off                ;
; Auto ROM Replacement                                                            ; On                 ; On                 ;
; Auto RAM Replacement                                                            ; On                 ; On                 ;
; Auto DSP Block Replacement                                                      ; On                 ; On                 ;
; Auto Shift Register Replacement                                                 ; Auto               ; Auto               ;
; Allow Shift Register Merging across Hierarchies                                 ; Auto               ; Auto               ;
; Auto Clock Enable Replacement                                                   ; On                 ; On                 ;
; Strict RAM Replacement                                                          ; Off                ; Off                ;
; Allow Synchronous Control Signals                                               ; On                 ; On                 ;
; Force Use of Synchronous Clear Signals                                          ; Off                ; Off                ;
; Auto Resource Sharing                                                           ; Off                ; Off                ;
; Allow Any RAM Size For Recognition                                              ; Off                ; Off                ;
; Allow Any ROM Size For Recognition                                              ; Off                ; Off                ;
; Allow Any Shift Register Size For Recognition                                   ; Off                ; Off                ;
; Use LogicLock Constraints during Resource Balancing                             ; On                 ; On                 ;
; Ignore translate_off and synthesis_off directives                               ; Off                ; Off                ;
; Timing-Driven Synthesis                                                         ; On                 ; On                 ;
; Report Parameter Settings                                                       ; On                 ; On                 ;
; Report Source Assignments                                                       ; On                 ; On                 ;
; Report Connectivity Checks                                                      ; On                 ; On                 ;
; Ignore Maximum Fan-Out Assignments                                              ; Off                ; Off                ;
; Synchronization Register Chain Length                                           ; 3                  ; 3                  ;
; Power Optimization During Synthesis                                             ; Normal compilation ; Normal compilation ;
; HDL message level                                                               ; Level2             ; Level2             ;
; Suppress Register Optimization Related Messages                                 ; Off                ; Off                ;
; Number of Removed Registers Reported in Synthesis Report                        ; 5000               ; 5000               ;
; Number of Swept Nodes Reported in Synthesis Report                              ; 5000               ; 5000               ;
; Number of Inverted Registers Reported in Synthesis Report                       ; 100                ; 100                ;
; Clock MUX Protection                                                            ; On                 ; On                 ;
; Auto Gated Clock Conversion                                                     ; Off                ; Off                ;
; Block Design Naming                                                             ; Auto               ; Auto               ;
; SDC constraint protection                                                       ; Off                ; Off                ;
; Synthesis Effort                                                                ; Auto               ; Auto               ;
; Shift Register Replacement - Allow Asynchronous Clear Signal                    ; On                 ; On                 ;
; Pre-Mapping Resynthesis Optimization                                            ; Off                ; Off                ;
; Analysis & Synthesis Message Level                                              ; Medium             ; Medium             ;
; Disable Register Merging Across Hierarchies                                     ; Auto               ; Auto               ;
; Resource Aware Inference For Block RAM                                          ; On                 ; On                 ;
; Automatic Parallel Synthesis                                                    ; On                 ; On                 ;
; Partial Reconfiguration Bitstream ID                                            ; Off                ; Off                ;
+---------------------------------------------------------------------------------+--------------------+--------------------+


+------------------------------------------+
; Parallel Compilation                     ;
+----------------------------+-------------+
; Processors                 ; Number      ;
+----------------------------+-------------+
; Number detected on machine ; 20          ;
; Maximum allowed            ; 14          ;
;                            ;             ;
; Average used               ; 1.00        ;
; Maximum used               ; 14          ;
;                            ;             ;
; Usage by Processor         ; % Time Used ;
;     Processor 1            ; 100.0%      ;
;     Processors 2-14        ;   0.0%      ;
+----------------------------+-------------+


+----------------------------------------------------------------------------------------------------------------------------------------------------------------------------------------------------+
; Analysis & Synthesis Source Files Read                                                                                                                                                             ;
+----------------------------------+-----------------+------------------------------+------------------------------------------------------------------------------------------------------+---------+
; File Name with User-Entered Path ; Used in Netlist ; File Type                    ; File Name with Absolute Path                                                                         ; Library ;
+----------------------------------+-----------------+------------------------------+------------------------------------------------------------------------------------------------------+---------+
; shifter.v                        ; yes             ; User Verilog HDL File        ; C:/Users/18019/Documents/UofU/FALL2022/CS3710/16bitCPU/sixteenBitComputer/CheckPoint1/shifter.v      ;         ;
; RF_ALU.v                         ; yes             ; User Verilog HDL File        ; C:/Users/18019/Documents/UofU/FALL2022/CS3710/16bitCPU/sixteenBitComputer/CheckPoint1/RF_ALU.v       ;         ;
; mux2.v                           ; yes             ; User Verilog HDL File        ; C:/Users/18019/Documents/UofU/FALL2022/CS3710/16bitCPU/sixteenBitComputer/CheckPoint1/mux2.v         ;         ;
; flopr.v                          ; yes             ; User Verilog HDL File        ; C:/Users/18019/Documents/UofU/FALL2022/CS3710/16bitCPU/sixteenBitComputer/CheckPoint1/flopr.v        ;         ;
; RegisterFile.v                   ; yes             ; User Verilog HDL File        ; C:/Users/18019/Documents/UofU/FALL2022/CS3710/16bitCPU/sixteenBitComputer/CheckPoint1/RegisterFile.v ;         ;
; pcALU.v                          ; yes             ; User Verilog HDL File        ; C:/Users/18019/Documents/UofU/FALL2022/CS3710/16bitCPU/sixteenBitComputer/CheckPoint1/pcALU.v        ;         ;
; ALU.v                            ; yes             ; User Verilog HDL File        ; C:/Users/18019/Documents/UofU/FALL2022/CS3710/16bitCPU/sixteenBitComputer/CheckPoint1/ALU.v          ;         ;
; initreg.dat                      ; yes             ; Auto-Found Unspecified File  ; C:/Users/18019/Documents/UofU/FALL2022/CS3710/16bitCPU/sixteenBitComputer/CheckPoint1/initreg.dat    ;         ;
+----------------------------------+-----------------+------------------------------+------------------------------------------------------------------------------------------------------+---------+


+---------------------------------------------------------+
; Analysis & Synthesis Resource Usage Summary             ;
+---------------------------------------------+-----------+
; Resource                                    ; Usage     ;
+---------------------------------------------+-----------+
; Estimate of Logic utilization (ALMs needed) ; 366       ;
;                                             ;           ;
; Combinational ALUT usage for logic          ; 476       ;
;     -- 7 input functions                    ; 0         ;
;     -- 6 input functions                    ; 230       ;
;     -- 5 input functions                    ; 61        ;
;     -- 4 input functions                    ; 84        ;
;     -- <=3 input functions                  ; 101       ;
;                                             ;           ;
; Dedicated logic registers                   ; 293       ;
;                                             ;           ;
; I/O pins                                    ; 142       ;
;                                             ;           ;
; Total DSP Blocks                            ; 0         ;
;                                             ;           ;
; Maximum fan-out node                        ; clk~input ;
; Maximum fan-out                             ; 293       ;
; Total fan-out                               ; 3298      ;
; Average fan-out                             ; 3.13      ;
+---------------------------------------------+-----------+


+--------------------------------------------------------------------------------------------------------------------------------------------------------------------------------------------------+
; Analysis & Synthesis Resource Utilization by Entity                                                                                                                                              ;
+----------------------------+---------------------+---------------------------+-------------------+------------+------+--------------+------------------------------+--------------+--------------+
; Compilation Hierarchy Node ; Combinational ALUTs ; Dedicated Logic Registers ; Block Memory Bits ; DSP Blocks ; Pins ; Virtual Pins ; Full Hierarchy Name          ; Entity Name  ; Library Name ;
+----------------------------+---------------------+---------------------------+-------------------+------------+------+--------------+------------------------------+--------------+--------------+
; |RF_ALU                    ; 476 (0)             ; 293 (0)                   ; 0                 ; 0          ; 142  ; 0            ; |RF_ALU                      ; RF_ALU       ; work         ;
;    |ALU:alu_unit|          ; 81 (81)             ; 0 (0)                     ; 0                 ; 0          ; 0    ; 0            ; |RF_ALU|ALU:alu_unit         ; ALU          ; work         ;
;    |RegisterFile:regFile|  ; 213 (213)           ; 256 (256)                 ; 0                 ; 0          ; 0    ; 0            ; |RF_ALU|RegisterFile:regFile ; RegisterFile ; work         ;
;    |flopr:PSRreg|          ; 0 (0)               ; 5 (5)                     ; 0                 ; 0          ; 0    ; 0            ; |RF_ALU|flopr:PSRreg         ; flopr        ; work         ;
;    |flopr:pcregUnit|       ; 16 (16)             ; 16 (16)                   ; 0                 ; 0          ; 0    ; 0            ; |RF_ALU|flopr:pcregUnit      ; flopr        ; work         ;
;    |flopr:resultreg|       ; 0 (0)               ; 16 (16)                   ; 0                 ; 0          ; 0    ; 0            ; |RF_ALU|flopr:resultreg      ; flopr        ; work         ;
;    |mux2:outputMux|        ; 57 (57)             ; 0 (0)                     ; 0                 ; 0          ; 0    ; 0            ; |RF_ALU|mux2:outputMux       ; mux2         ; work         ;
;    |mux2:src1Mux|          ; 18 (18)             ; 0 (0)                     ; 0                 ; 0          ; 0    ; 0            ; |RF_ALU|mux2:src1Mux         ; mux2         ; work         ;
;    |mux2:src2mux|          ; 34 (34)             ; 0 (0)                     ; 0                 ; 0          ; 0    ; 0            ; |RF_ALU|mux2:src2mux         ; mux2         ; work         ;
;    |pcALU:pc_ALU|          ; 49 (49)             ; 0 (0)                     ; 0                 ; 0          ; 0    ; 0            ; |RF_ALU|pcALU:pc_ALU         ; pcALU        ; work         ;
;    |shifter:shifterUnit|   ; 8 (8)               ; 0 (0)                     ; 0                 ; 0          ; 0    ; 0            ; |RF_ALU|shifter:shifterUnit  ; shifter      ; work         ;
+----------------------------+---------------------+---------------------------+-------------------+------------+------+--------------+------------------------------+--------------+--------------+
Note: For table entries with two numbers listed, the numbers in parentheses indicate the number of resources of the given type used by the specific entity alone. The numbers listed outside of parentheses indicate the total resources of the given type used by the specific entity and all of its sub-entities in the hierarchy.


+--------------------------------------------------------------------------------+
; Registers Removed During Synthesis                                             ;
+---------------------------------------+----------------------------------------+
; Register name                         ; Reason for Removal                     ;
+---------------------------------------+----------------------------------------+
; flopr:PSRreg|q[5..7]                  ; Stuck at GND due to stuck port data_in ;
; Total Number of Removed Registers = 3 ;                                        ;
+---------------------------------------+----------------------------------------+


+------------------------------------------------------+
; General Register Statistics                          ;
+----------------------------------------------+-------+
; Statistic                                    ; Value ;
+----------------------------------------------+-------+
; Total registers                              ; 293   ;
; Number of registers using Synchronous Clear  ; 5     ;
; Number of registers using Synchronous Load   ; 0     ;
; Number of registers using Asynchronous Clear ; 0     ;
; Number of registers using Asynchronous Load  ; 0     ;
; Number of registers using Clock Enable       ; 256   ;
; Number of registers using Preset             ; 0     ;
+----------------------------------------------+-------+


+-------------------------------------------------------------------------------------------------------------------------------------------+
; Multiplexer Restructuring Statistics (Restructuring Performed)                                                                            ;
+--------------------+-----------+---------------+----------------------+------------------------+------------+-----------------------------+
; Multiplexer Inputs ; Bus Width ; Baseline Area ; Area if Restructured ; Saving if Restructured ; Registered ; Example Multiplexer Output  ;
+--------------------+-----------+---------------+----------------------+------------------------+------------+-----------------------------+
; 3:1                ; 16 bits   ; 32 LEs        ; 32 LEs               ; 0 LEs                  ; No         ; |RF_ALU|mux2:src1Mux|y[6]   ;
; 3:1                ; 16 bits   ; 32 LEs        ; 32 LEs               ; 0 LEs                  ; No         ; |RF_ALU|mux2:src2mux|y[15]  ;
; 22:1               ; 14 bits   ; 196 LEs       ; 84 LEs               ; 112 LEs                ; No         ; |RF_ALU|mux2:outputMux|y[1] ;
+--------------------+-----------+---------------+----------------------+------------------------+------------+-----------------------------+


+------------------------------------------------------------------------+
; Parameter Settings for User Entity Instance: Top-level Entity: |RF_ALU ;
+----------------+-------+-----------------------------------------------+
; Parameter Name ; Value ; Type                                          ;
+----------------+-------+-----------------------------------------------+
; WIDTH          ; 16    ; Signed Integer                                ;
; REGBITS        ; 4     ; Signed Integer                                ;
+----------------+-------+-----------------------------------------------+
Note: In order to hide this table in the UI and the text report file, please set the "Show Parameter Settings in Synthesis Report" option in "Analysis and Synthesis Settings -> More Settings" to "Off".


+--------------------------------------------------------------+
; Parameter Settings for User Entity Instance: flopr:pcregUnit ;
+----------------+-------+-------------------------------------+
; Parameter Name ; Value ; Type                                ;
+----------------+-------+-------------------------------------+
; WIDTH          ; 16    ; Signed Integer                      ;
+----------------+-------+-------------------------------------+
Note: In order to hide this table in the UI and the text report file, please set the "Show Parameter Settings in Synthesis Report" option in "Analysis and Synthesis Settings -> More Settings" to "Off".


+-----------------------------------------------------------+
; Parameter Settings for User Entity Instance: flopr:PSRreg ;
+----------------+-------+----------------------------------+
; Parameter Name ; Value ; Type                             ;
+----------------+-------+----------------------------------+
; WIDTH          ; 8     ; Signed Integer                   ;
+----------------+-------+----------------------------------+
Note: In order to hide this table in the UI and the text report file, please set the "Show Parameter Settings in Synthesis Report" option in "Analysis and Synthesis Settings -> More Settings" to "Off".


+--------------------------------------------------------------+
; Parameter Settings for User Entity Instance: flopr:resultreg ;
+----------------+-------+-------------------------------------+
; Parameter Name ; Value ; Type                                ;
+----------------+-------+-------------------------------------+
; WIDTH          ; 16    ; Signed Integer                      ;
+----------------+-------+-------------------------------------+
Note: In order to hide this table in the UI and the text report file, please set the "Show Parameter Settings in Synthesis Report" option in "Analysis and Synthesis Settings -> More Settings" to "Off".


+-----------------------------------------------------------+
; Parameter Settings for User Entity Instance: mux2:src1Mux ;
+----------------+-------+----------------------------------+
; Parameter Name ; Value ; Type                             ;
+----------------+-------+----------------------------------+
; WIDTH          ; 16    ; Signed Integer                   ;
+----------------+-------+----------------------------------+
Note: In order to hide this table in the UI and the text report file, please set the "Show Parameter Settings in Synthesis Report" option in "Analysis and Synthesis Settings -> More Settings" to "Off".


+-----------------------------------------------------------+
; Parameter Settings for User Entity Instance: mux2:src2mux ;
+----------------+-------+----------------------------------+
; Parameter Name ; Value ; Type                             ;
+----------------+-------+----------------------------------+
; WIDTH          ; 16    ; Signed Integer                   ;
+----------------+-------+----------------------------------+
Note: In order to hide this table in the UI and the text report file, please set the "Show Parameter Settings in Synthesis Report" option in "Analysis and Synthesis Settings -> More Settings" to "Off".


+-------------------------------------------------------------+
; Parameter Settings for User Entity Instance: mux2:outputMux ;
+----------------+-------+------------------------------------+
; Parameter Name ; Value ; Type                               ;
+----------------+-------+------------------------------------+
; WIDTH          ; 16    ; Signed Integer                     ;
+----------------+-------+------------------------------------+
Note: In order to hide this table in the UI and the text report file, please set the "Show Parameter Settings in Synthesis Report" option in "Analysis and Synthesis Settings -> More Settings" to "Off".


+-----------------------------------------------------------+
; Parameter Settings for User Entity Instance: pcALU:pc_ALU ;
+----------------+-------+----------------------------------+
; Parameter Name ; Value ; Type                             ;
+----------------+-------+----------------------------------+
; WIDTH          ; 16    ; Signed Integer                   ;
+----------------+-------+----------------------------------+
Note: In order to hide this table in the UI and the text report file, please set the "Show Parameter Settings in Synthesis Report" option in "Analysis and Synthesis Settings -> More Settings" to "Off".


+------------------------------------------------------------------+
; Parameter Settings for User Entity Instance: shifter:shifterUnit ;
+----------------+-------+-----------------------------------------+
; Parameter Name ; Value ; Type                                    ;
+----------------+-------+-----------------------------------------+
; WIDTH          ; 16    ; Signed Integer                          ;
+----------------+-------+-----------------------------------------+
Note: In order to hide this table in the UI and the text report file, please set the "Show Parameter Settings in Synthesis Report" option in "Analysis and Synthesis Settings -> More Settings" to "Off".


+-------------------------------------------------------------------+
; Parameter Settings for User Entity Instance: RegisterFile:regFile ;
+----------------+-------+------------------------------------------+
; Parameter Name ; Value ; Type                                     ;
+----------------+-------+------------------------------------------+
; WIDTH          ; 16    ; Signed Integer                           ;
; REGBITS        ; 4     ; Signed Integer                           ;
+----------------+-------+------------------------------------------+
Note: In order to hide this table in the UI and the text report file, please set the "Show Parameter Settings in Synthesis Report" option in "Analysis and Synthesis Settings -> More Settings" to "Off".


+-----------------------------------------------------------+
; Parameter Settings for User Entity Instance: ALU:alu_unit ;
+----------------+-------+----------------------------------+
; Parameter Name ; Value ; Type                             ;
+----------------+-------+----------------------------------+
; WIDTH          ; 16    ; Signed Integer                   ;
+----------------+-------+----------------------------------+
Note: In order to hide this table in the UI and the text report file, please set the "Show Parameter Settings in Synthesis Report" option in "Analysis and Synthesis Settings -> More Settings" to "Off".


+----------------------------------------------------------+
; Parameter Settings for User Entity Instance: mux2:ALUmux ;
+----------------+-------+---------------------------------+
; Parameter Name ; Value ; Type                            ;
+----------------+-------+---------------------------------+
; WIDTH          ; 16    ; Signed Integer                  ;
+----------------+-------+---------------------------------+
Note: In order to hide this table in the UI and the text report file, please set the "Show Parameter Settings in Synthesis Report" option in "Analysis and Synthesis Settings -> More Settings" to "Off".


+---------------------------------------------------------------------------------------------------------------------------------------------------------------------------------------------------------------+
; Port Connectivity Checks: "pcALU:pc_ALU"                                                                                                                                                                      ;
+-------+-------+----------+------------------------------------------------------------------------------------------------------------------------------------------------------------------------------------+
; Port  ; Type  ; Severity ; Details                                                                                                                                                                            ;
+-------+-------+----------+------------------------------------------------------------------------------------------------------------------------------------------------------------------------------------+
; jalEN ; Input ; Warning  ; Input port expression (16 bits) is wider than the input port (1 bits) it drives.  The 15 most-significant bit(s) in the expression will be dangling if they have no other fanouts. ;
+-------+-------+----------+------------------------------------------------------------------------------------------------------------------------------------------------------------------------------------+


+-----------------------------------------------------+
; Post-Synthesis Netlist Statistics for Top Partition ;
+-----------------------+-----------------------------+
; Type                  ; Count                       ;
+-----------------------+-----------------------------+
; arriav_ff             ; 293                         ;
;     ENA               ; 256                         ;
;     SCLR              ; 5                           ;
;     plain             ; 32                          ;
; arriav_lcell_comb     ; 477                         ;
;     arith             ; 32                          ;
;         4 data inputs ; 16                          ;
;         5 data inputs ; 16                          ;
;     normal            ; 429                         ;
;         0 data inputs ; 1                           ;
;         1 data inputs ; 36                          ;
;         2 data inputs ; 41                          ;
;         3 data inputs ; 24                          ;
;         4 data inputs ; 52                          ;
;         5 data inputs ; 45                          ;
;         6 data inputs ; 230                         ;
;     shared            ; 16                          ;
;         4 data inputs ; 16                          ;
; boundary_port         ; 142                         ;
;                       ;                             ;
; Max LUT depth         ; 9.40                        ;
; Average LUT depth     ; 7.74                        ;
+-----------------------+-----------------------------+


+-------------------------------+
; Elapsed Time Per Partition    ;
+----------------+--------------+
; Partition Name ; Elapsed Time ;
+----------------+--------------+
; Top            ; 00:00:00     ;
+----------------+--------------+


+-------------------------------+
; Analysis & Synthesis Messages ;
+-------------------------------+
Info: *******************************************************************
Info: Running Quartus Prime Analysis & Synthesis
    Info: Version 18.1.0 Build 625 09/12/2018 SJ Lite Edition
    Info: Processing started: Tue Nov 08 10:33:45 2022
Info: Command: quartus_map --read_settings_files=on --write_settings_files=off Checkpoint1 -c Checkpoint1
Warning (18236): Number of processors has not been specified which may cause overloading on shared machines.  Set the global assignment NUM_PARALLEL_PROCESSORS in your QSF to an appropriate value for best performance.
Info (20030): Parallel compilation is enabled and will use 14 of the 14 processors detected
Info (12021): Found 1 design units, including 1 entities, in source file shifter.v
    Info (12023): Found entity 1: shifter File: C:/Users/18019/Documents/UofU/FALL2022/CS3710/16bitCPU/sixteenBitComputer/CheckPoint1/shifter.v Line: 10
Info (12021): Found 1 design units, including 1 entities, in source file rf_alu.v
    Info (12023): Found entity 1: RF_ALU File: C:/Users/18019/Documents/UofU/FALL2022/CS3710/16bitCPU/sixteenBitComputer/CheckPoint1/RF_ALU.v Line: 5
Info (12021): Found 1 design units, including 1 entities, in source file mux4.v
    Info (12023): Found entity 1: mux4 File: C:/Users/18019/Documents/UofU/FALL2022/CS3710/16bitCPU/sixteenBitComputer/CheckPoint1/mux4.v Line: 1
Info (12021): Found 1 design units, including 1 entities, in source file mux2.v
    Info (12023): Found entity 1: mux2 File: C:/Users/18019/Documents/UofU/FALL2022/CS3710/16bitCPU/sixteenBitComputer/CheckPoint1/mux2.v Line: 1
Info (12021): Found 1 design units, including 1 entities, in source file flopr.v
    Info (12023): Found entity 1: flopr File: C:/Users/18019/Documents/UofU/FALL2022/CS3710/16bitCPU/sixteenBitComputer/CheckPoint1/flopr.v Line: 1
Info (12021): Found 1 design units, including 1 entities, in source file tb_alu.v
    Info (12023): Found entity 1: tb_ALU File: C:/Users/18019/Documents/UofU/FALL2022/CS3710/16bitCPU/sixteenBitComputer/CheckPoint1/tb_ALU.v Line: 1
Info (12021): Found 1 design units, including 1 entities, in source file tb_registerfile.v
    Info (12023): Found entity 1: tb_RegisterFile File: C:/Users/18019/Documents/UofU/FALL2022/CS3710/16bitCPU/sixteenBitComputer/CheckPoint1/tb_RegisterFile.v Line: 2
Info (12021): Found 1 design units, including 1 entities, in source file tb_processorstatusreg.v
    Info (12023): Found entity 1: tb_ProcessorStatusReg File: C:/Users/18019/Documents/UofU/FALL2022/CS3710/16bitCPU/sixteenBitComputer/CheckPoint1/tb_ProcessorStatusReg.v Line: 3
Info (12021): Found 1 design units, including 1 entities, in source file tb_fpalu.v
    Info (12023): Found entity 1: fp_ALU File: C:/Users/18019/Documents/UofU/FALL2022/CS3710/16bitCPU/sixteenBitComputer/CheckPoint1/tb_fpALU.v Line: 3
Info (12021): Found 1 design units, including 1 entities, in source file tb_cpalu.v
    Info (12023): Found entity 1: tb_cpALU File: C:/Users/18019/Documents/UofU/FALL2022/CS3710/16bitCPU/sixteenBitComputer/CheckPoint1/tb_cpALU.v Line: 1
Info (12021): Found 1 design units, including 1 entities, in source file registerfile.v
    Info (12023): Found entity 1: RegisterFile File: C:/Users/18019/Documents/UofU/FALL2022/CS3710/16bitCPU/sixteenBitComputer/CheckPoint1/RegisterFile.v Line: 13
Info (12021): Found 0 design units, including 0 entities, in source file processorstatusreg.v
Info (12021): Found 1 design units, including 1 entities, in source file pcalu.v
    Info (12023): Found entity 1: pcALU File: C:/Users/18019/Documents/UofU/FALL2022/CS3710/16bitCPU/sixteenBitComputer/CheckPoint1/pcALU.v Line: 5
Info (12021): Found 1 design units, including 1 entities, in source file fpalu.v
    Info (12023): Found entity 1: fpALU File: C:/Users/18019/Documents/UofU/FALL2022/CS3710/16bitCPU/sixteenBitComputer/CheckPoint1/fpALU.v Line: 1
Info (12021): Found 1 design units, including 1 entities, in source file alu.v
    Info (12023): Found entity 1: ALU File: C:/Users/18019/Documents/UofU/FALL2022/CS3710/16bitCPU/sixteenBitComputer/CheckPoint1/ALU.v Line: 5
Info (12021): Found 1 design units, including 1 entities, in source file tb_rf_alu.v
    Info (12023): Found entity 1: tb_RF_ALU File: C:/Users/18019/Documents/UofU/FALL2022/CS3710/16bitCPU/sixteenBitComputer/CheckPoint1/tb_RF_ALU.v Line: 4
Info (12021): Found 1 design units, including 1 entities, in source file tb_shifter.v
    Info (12023): Found entity 1: tb_shifter File: C:/Users/18019/Documents/UofU/FALL2022/CS3710/16bitCPU/sixteenBitComputer/CheckPoint1/tb_shifter.v Line: 1
Critical Warning (10846): Verilog HDL Instantiation warning at tb_ProcessorStatusReg.v(11): instance has no name File: C:/Users/18019/Documents/UofU/FALL2022/CS3710/16bitCPU/sixteenBitComputer/CheckPoint1/tb_ProcessorStatusReg.v Line: 11
Critical Warning (10846): Verilog HDL Instantiation warning at tb_fpALU.v(11): instance has no name File: C:/Users/18019/Documents/UofU/FALL2022/CS3710/16bitCPU/sixteenBitComputer/CheckPoint1/tb_fpALU.v Line: 11
Info (12127): Elaborating entity "RF_ALU" for the top level hierarchy
Info (12128): Elaborating entity "flopr" for hierarchy "flopr:pcregUnit" File: C:/Users/18019/Documents/UofU/FALL2022/CS3710/16bitCPU/sixteenBitComputer/CheckPoint1/RF_ALU.v Line: 33
Info (12128): Elaborating entity "flopr" for hierarchy "flopr:PSRreg" File: C:/Users/18019/Documents/UofU/FALL2022/CS3710/16bitCPU/sixteenBitComputer/CheckPoint1/RF_ALU.v Line: 34
Info (12128): Elaborating entity "mux2" for hierarchy "mux2:src1Mux" File: C:/Users/18019/Documents/UofU/FALL2022/CS3710/16bitCPU/sixteenBitComputer/CheckPoint1/RF_ALU.v Line: 38
Info (12128): Elaborating entity "pcALU" for hierarchy "pcALU:pc_ALU" File: C:/Users/18019/Documents/UofU/FALL2022/CS3710/16bitCPU/sixteenBitComputer/CheckPoint1/RF_ALU.v Line: 45
Warning (10230): Verilog HDL assignment warning at pcALU.v(35): truncated value with size 32 to match size of target (16) File: C:/Users/18019/Documents/UofU/FALL2022/CS3710/16bitCPU/sixteenBitComputer/CheckPoint1/pcALU.v Line: 35
Warning (10230): Verilog HDL assignment warning at pcALU.v(39): truncated value with size 32 to match size of target (16) File: C:/Users/18019/Documents/UofU/FALL2022/CS3710/16bitCPU/sixteenBitComputer/CheckPoint1/pcALU.v Line: 39
Info (12128): Elaborating entity "shifter" for hierarchy "shifter:shifterUnit" File: C:/Users/18019/Documents/UofU/FALL2022/CS3710/16bitCPU/sixteenBitComputer/CheckPoint1/RF_ALU.v Line: 48
Info (12128): Elaborating entity "RegisterFile" for hierarchy "RegisterFile:regFile" File: C:/Users/18019/Documents/UofU/FALL2022/CS3710/16bitCPU/sixteenBitComputer/CheckPoint1/RF_ALU.v Line: 49
Info (10648): Verilog HDL Display System Task info at RegisterFile.v(24): Loading register file File: C:/Users/18019/Documents/UofU/FALL2022/CS3710/16bitCPU/sixteenBitComputer/CheckPoint1/RegisterFile.v Line: 24
Info (10648): Verilog HDL Display System Task info at RegisterFile.v(28): done with RF load File: C:/Users/18019/Documents/UofU/FALL2022/CS3710/16bitCPU/sixteenBitComputer/CheckPoint1/RegisterFile.v Line: 28
Warning (10230): Verilog HDL assignment warning at RegisterFile.v(39): truncated value with size 32 to match size of target (16) File: C:/Users/18019/Documents/UofU/FALL2022/CS3710/16bitCPU/sixteenBitComputer/CheckPoint1/RegisterFile.v Line: 39
Warning (10230): Verilog HDL assignment warning at RegisterFile.v(40): truncated value with size 32 to match size of target (16) File: C:/Users/18019/Documents/UofU/FALL2022/CS3710/16bitCPU/sixteenBitComputer/CheckPoint1/RegisterFile.v Line: 40
Info (12128): Elaborating entity "ALU" for hierarchy "ALU:alu_unit" File: C:/Users/18019/Documents/UofU/FALL2022/CS3710/16bitCPU/sixteenBitComputer/CheckPoint1/RF_ALU.v Line: 50
Info (276014): Found 1 instances of uninferred RAM logic
    Info (276007): RAM logic "RegisterFile:regFile|RAM" is uninferred due to asynchronous read logic File: C:/Users/18019/Documents/UofU/FALL2022/CS3710/16bitCPU/sixteenBitComputer/CheckPoint1/RegisterFile.v Line: 20
Warning (12241): 1 hierarchies have connectivity warnings - see the Connectivity Checks report folder
Warning (13024): Output pins are stuck at VCC or GND
    Warning (13410): Pin "PSR[5]" is stuck at GND File: C:/Users/18019/Documents/UofU/FALL2022/CS3710/16bitCPU/sixteenBitComputer/CheckPoint1/RF_ALU.v Line: 24
    Warning (13410): Pin "PSR[6]" is stuck at GND File: C:/Users/18019/Documents/UofU/FALL2022/CS3710/16bitCPU/sixteenBitComputer/CheckPoint1/RF_ALU.v Line: 24
    Warning (13410): Pin "PSR[7]" is stuck at GND File: C:/Users/18019/Documents/UofU/FALL2022/CS3710/16bitCPU/sixteenBitComputer/CheckPoint1/RF_ALU.v Line: 24
Info (286030): Timing-Driven Synthesis is running
Info (16010): Generating hard_block partition "hard_block:auto_generated_inst"
    Info (16011): Adding 0 node(s), including 0 DDIO, 0 PLL, 0 transceiver and 0 LCELL
Warning (21074): Design contains 31 input pin(s) that do not drive logic
    Warning (15610): No output dependent on input pin "pc[0]" File: C:/Users/18019/Documents/UofU/FALL2022/CS3710/16bitCPU/sixteenBitComputer/CheckPoint1/RF_ALU.v Line: 15
    Warning (15610): No output dependent on input pin "pc[1]" File: C:/Users/18019/Documents/UofU/FALL2022/CS3710/16bitCPU/sixteenBitComputer/CheckPoint1/RF_ALU.v Line: 15
    Warning (15610): No output dependent on input pin "pc[2]" File: C:/Users/18019/Documents/UofU/FALL2022/CS3710/16bitCPU/sixteenBitComputer/CheckPoint1/RF_ALU.v Line: 15
    Warning (15610): No output dependent on input pin "pc[3]" File: C:/Users/18019/Documents/UofU/FALL2022/CS3710/16bitCPU/sixteenBitComputer/CheckPoint1/RF_ALU.v Line: 15
    Warning (15610): No output dependent on input pin "pc[4]" File: C:/Users/18019/Documents/UofU/FALL2022/CS3710/16bitCPU/sixteenBitComputer/CheckPoint1/RF_ALU.v Line: 15
    Warning (15610): No output dependent on input pin "pc[5]" File: C:/Users/18019/Documents/UofU/FALL2022/CS3710/16bitCPU/sixteenBitComputer/CheckPoint1/RF_ALU.v Line: 15
    Warning (15610): No output dependent on input pin "pc[6]" File: C:/Users/18019/Documents/UofU/FALL2022/CS3710/16bitCPU/sixteenBitComputer/CheckPoint1/RF_ALU.v Line: 15
    Warning (15610): No output dependent on input pin "pc[7]" File: C:/Users/18019/Documents/UofU/FALL2022/CS3710/16bitCPU/sixteenBitComputer/CheckPoint1/RF_ALU.v Line: 15
    Warning (15610): No output dependent on input pin "pc[8]" File: C:/Users/18019/Documents/UofU/FALL2022/CS3710/16bitCPU/sixteenBitComputer/CheckPoint1/RF_ALU.v Line: 15
    Warning (15610): No output dependent on input pin "pc[9]" File: C:/Users/18019/Documents/UofU/FALL2022/CS3710/16bitCPU/sixteenBitComputer/CheckPoint1/RF_ALU.v Line: 15
    Warning (15610): No output dependent on input pin "pc[10]" File: C:/Users/18019/Documents/UofU/FALL2022/CS3710/16bitCPU/sixteenBitComputer/CheckPoint1/RF_ALU.v Line: 15
    Warning (15610): No output dependent on input pin "pc[11]" File: C:/Users/18019/Documents/UofU/FALL2022/CS3710/16bitCPU/sixteenBitComputer/CheckPoint1/RF_ALU.v Line: 15
    Warning (15610): No output dependent on input pin "pc[12]" File: C:/Users/18019/Documents/UofU/FALL2022/CS3710/16bitCPU/sixteenBitComputer/CheckPoint1/RF_ALU.v Line: 15
    Warning (15610): No output dependent on input pin "pc[13]" File: C:/Users/18019/Documents/UofU/FALL2022/CS3710/16bitCPU/sixteenBitComputer/CheckPoint1/RF_ALU.v Line: 15
    Warning (15610): No output dependent on input pin "pc[14]" File: C:/Users/18019/Documents/UofU/FALL2022/CS3710/16bitCPU/sixteenBitComputer/CheckPoint1/RF_ALU.v Line: 15
    Warning (15610): No output dependent on input pin "pc[15]" File: C:/Users/18019/Documents/UofU/FALL2022/CS3710/16bitCPU/sixteenBitComputer/CheckPoint1/RF_ALU.v Line: 15
    Warning (15610): No output dependent on input pin "RTarget[1]" File: C:/Users/18019/Documents/UofU/FALL2022/CS3710/16bitCPU/sixteenBitComputer/CheckPoint1/RF_ALU.v Line: 17
    Warning (15610): No output dependent on input pin "RTarget[2]" File: C:/Users/18019/Documents/UofU/FALL2022/CS3710/16bitCPU/sixteenBitComputer/CheckPoint1/RF_ALU.v Line: 17
    Warning (15610): No output dependent on input pin "RTarget[3]" File: C:/Users/18019/Documents/UofU/FALL2022/CS3710/16bitCPU/sixteenBitComputer/CheckPoint1/RF_ALU.v Line: 17
    Warning (15610): No output dependent on input pin "RTarget[4]" File: C:/Users/18019/Documents/UofU/FALL2022/CS3710/16bitCPU/sixteenBitComputer/CheckPoint1/RF_ALU.v Line: 17
    Warning (15610): No output dependent on input pin "RTarget[5]" File: C:/Users/18019/Documents/UofU/FALL2022/CS3710/16bitCPU/sixteenBitComputer/CheckPoint1/RF_ALU.v Line: 17
    Warning (15610): No output dependent on input pin "RTarget[6]" File: C:/Users/18019/Documents/UofU/FALL2022/CS3710/16bitCPU/sixteenBitComputer/CheckPoint1/RF_ALU.v Line: 17
    Warning (15610): No output dependent on input pin "RTarget[7]" File: C:/Users/18019/Documents/UofU/FALL2022/CS3710/16bitCPU/sixteenBitComputer/CheckPoint1/RF_ALU.v Line: 17
    Warning (15610): No output dependent on input pin "RTarget[8]" File: C:/Users/18019/Documents/UofU/FALL2022/CS3710/16bitCPU/sixteenBitComputer/CheckPoint1/RF_ALU.v Line: 17
    Warning (15610): No output dependent on input pin "RTarget[9]" File: C:/Users/18019/Documents/UofU/FALL2022/CS3710/16bitCPU/sixteenBitComputer/CheckPoint1/RF_ALU.v Line: 17
    Warning (15610): No output dependent on input pin "RTarget[10]" File: C:/Users/18019/Documents/UofU/FALL2022/CS3710/16bitCPU/sixteenBitComputer/CheckPoint1/RF_ALU.v Line: 17
    Warning (15610): No output dependent on input pin "RTarget[11]" File: C:/Users/18019/Documents/UofU/FALL2022/CS3710/16bitCPU/sixteenBitComputer/CheckPoint1/RF_ALU.v Line: 17
    Warning (15610): No output dependent on input pin "RTarget[12]" File: C:/Users/18019/Documents/UofU/FALL2022/CS3710/16bitCPU/sixteenBitComputer/CheckPoint1/RF_ALU.v Line: 17
    Warning (15610): No output dependent on input pin "RTarget[13]" File: C:/Users/18019/Documents/UofU/FALL2022/CS3710/16bitCPU/sixteenBitComputer/CheckPoint1/RF_ALU.v Line: 17
    Warning (15610): No output dependent on input pin "RTarget[14]" File: C:/Users/18019/Documents/UofU/FALL2022/CS3710/16bitCPU/sixteenBitComputer/CheckPoint1/RF_ALU.v Line: 17
    Warning (15610): No output dependent on input pin "RTarget[15]" File: C:/Users/18019/Documents/UofU/FALL2022/CS3710/16bitCPU/sixteenBitComputer/CheckPoint1/RF_ALU.v Line: 17
Info (21057): Implemented 870 device resources after synthesis - the final resource count might be different
    Info (21058): Implemented 86 input pins
    Info (21059): Implemented 56 output pins
    Info (21061): Implemented 728 logic cells
Info: Quartus Prime Analysis & Synthesis was successful. 0 errors, 44 warnings
    Info: Peak virtual memory: 4867 megabytes
    Info: Processing ended: Tue Nov 08 10:33:52 2022
    Info: Elapsed time: 00:00:07
    Info: Total CPU time (on all processors): 00:00:15


